// Jest Snapshot v1, https://goo.gl/fbAQLP

exports[`Header renders 1`] = `
<div
  className="headerContainer"
>
  <div
    className="center"
  >
    Icon
    <span
      className="text"
    >
      Instagram-Clone
    </span>
  </div>
</div>
`;
