// Jest Snapshot v1, https://goo.gl/fbAQLP

exports[`LoginContainer renders 1`] = `
<div>
  Hi from sign in form
</div>
`;
