// Jest Snapshot v1, https://goo.gl/fbAQLP

exports[`LoginContainer renders 1`] = `
<div
  className="headerContainer"
>
  <div
    className="left"
  >
    <img
      alt="Instagram icon"
      className="imageContainer"
      src="ig-logo.png"
    />
    <span>
      Instagram-Clone
    </span>
  </div>
  <div
    className="right"
  >
    Sign In
  </div>
</div>
`;
