// Jest Snapshot v1, https://goo.gl/fbAQLP

exports[`RegisterContainer renders 1`] = `
<div>
  Hi from register form
</div>
`;
