// Jest Snapshot v1, https://goo.gl/fbAQLP

exports[`Icon renders 1`] = `
<img
  alt="Instagram Icon"
  className="Icon"
  src="ig-logo.png"
/>
`;
